[2026-08-03T21:31:30.536Z] Iniciando execução do monitor de notícias do Insper
[2026-08-03T21:31:39.930Z] Scraper encontrou 37 itens (notícias + eventos)
[2026-08-03T21:31:39.931Z] 37 itens novos (não vistos antes)
[2026-08-03T21:32:23.661Z] 37 itens classificados, 9 passaram no filtro (score >= 60)
[2026-08-03T21:32:23.663Z] Digest salvo em data/digest-2026-08-03.json
[2026-08-03T23:52:55.122Z] Iniciando execução do monitor de notícias do Insper
[2026-08-03T23:53:01.212Z] Scraper encontrou 37 itens (notícias + eventos)
[2026-08-03T23:53:01.212Z] 3 itens novos (não vistos antes)
[2026-08-03T23:53:06.286Z] 3 itens classificados, 0 passaram no filtro (score >= 60)
[2026-08-03T23:53:06.287Z] Digest salvo em data/digest-2026-08-03.json
[2026-08-03T23:53:06.489Z] Email enviado para lucas.kenji2002@hotmail.com
[2026-08-04T00:31:14.458Z] Iniciando execução do monitor de notícias do Insper
[2026-08-04T00:31:23.126Z] Scraper encontrou 37 itens (notícias + eventos)
[2026-08-04T00:31:23.128Z] 0 itens novos (não vistos antes, 0 descartados por título similar)
[2026-08-04T00:31:24.221Z] 0 itens classificados, 0 passaram no filtro (score >= 60)
[2026-08-04T00:31:24.223Z] Digest salvo em data/digest-2026-08-04.json
[2026-08-04T00:31:24.224Z] Digest vazio — email não enviado (SEND_EMPTY_DIGEST=true para forçar)
[2026-08-05T12:51:34.536Z] Iniciando execução do monitor de notícias do Insper
[2026-08-05T12:51:42.462Z] Scraper encontrou 34 itens (notícias + eventos)
[2026-08-05T12:51:42.463Z] 1 itens novos (não vistos antes, 0 descartados por título similar)
[2026-08-05T12:51:48.506Z] 1 itens classificados, 0 passaram no filtro (score >= 60)
[2026-08-05T12:51:48.507Z] Digest salvo em data/digest-2026-08-05.json
[2026-08-05T12:51:48.507Z] Digest vazio — email não enviado (SEND_EMPTY_DIGEST=true para forçar)
